// Jest Snapshot v1, https://goo.gl/fbAQLP

exports[`create operation response handlers should create responses 1`] = `"{ '200': { transforms: { date: [[[r.TransformType.THIS]]] } } }"`;
