// Jest Snapshot v1, https://goo.gl/fbAQLP

exports[`createEnumMembersFromSchema should handle enum with special chars in it 1`] = `
"export enum Test {
    MY_COMPLEX_ENUM = 'my:complex:enum',
    AND_THIS_ONE = 'and:this/one'
}"
`;

exports[`createEnumMembersFromSchema should handle string schema 1`] = `
"export enum Test {
    DOG_AND_CAT = 'dog-and-cat',
    DOG = 'dog',
    CAT_WITHOUT_DOG = 'catWithoutDog'
}"
`;
